Testing mock fallback by simulating API failure
